[2026-07-11T19:57:33.864Z][INFO] Command-line: 'C:\\Program Files\\Unity\\Hub\\Editor\\6000.5.0f1\\Editor\\Data\\Resources\\PackageManager\\Server\\UnityPackageManager.exe' server -s 24960 --ipc-path Unity-Upm-24960 -l 2 --log-file C:\\Users\\Nicole-David\\scape-from-utp-juego/Logs/upm.log
[2026-07-11T19:57:33.927Z][INFO] IPC server started (IPC path=Unity-Upm-24960).
[2026-07-11T19:57:33.927Z][INFO] Hint: To connect to this UPM instance, launch Unity with the command-line parameter -upmIpcPath Upm-24960.
[2026-07-11T19:57:38.133Z][INFO] project:list-packages <-- Request received
params: {}
[2026-07-11T19:57:38.375Z][INFO] project:list-packages --> 200 (242 ms)
[2026-07-11T19:57:38.385Z][INFO] config:project:get-registries <-- Request received
params: {}
[2026-07-11T19:57:38.392Z][INFO] config:project:get-registries --> 200 (8 ms)
[2026-07-11T19:57:38.399Z][INFO] project:list-packages <-- Request received
params: {}
[2026-07-11T19:57:38.484Z][INFO] project:list-packages --> 200 (85 ms)
[2026-07-11T19:57:41.025Z][INFO] project:list-packages <-- Request received
params: {}
[2026-07-11T19:57:41.065Z][INFO] project:list-packages <-- Request received
params: {}
[2026-07-11T19:57:41.126Z][INFO] project:list-packages --> 200 (101 ms)
[2026-07-11T19:57:41.180Z][INFO] project:list-packages --> 200 (115 ms)
[2026-07-11T19:57:41.181Z][INFO] config:project:get-registries <-- Request received
params: {}
[2026-07-11T19:57:41.187Z][INFO] config:project:get-registries --> 200 (6 ms)
[2026-07-11T19:57:43.465Z][INFO] project:list-packages <-- Request received
params: {}
[2026-07-11T19:57:43.567Z][INFO] project:list-packages --> 200 (102 ms)
[2026-07-11T20:16:19.720Z][INFO] packages:get-all-packageinfo <-- Request received
params: {}
[2026-07-11T20:16:19.846Z][INFO] packages:get-all-packageinfo <-- Request received
params: {}
[2026-07-11T20:16:19.847Z][INFO] project:list-packages <-- Request received
params: {}
[2026-07-11T20:16:21.115Z][INFO] packages:get-all-packageinfo --> 200 (1269 ms)
[2026-07-11T20:16:21.237Z][INFO] project:list-packages --> 200 (1390 ms)
[2026-07-11T20:16:21.456Z][INFO] packages:get-packageinfo <-- Request received
params: {
  "packageId": "com.unity.addressables@2.9.1"
}
[2026-07-11T20:16:21.472Z][INFO] packages:get-packageinfo <-- Request received
params: {
  "packageId": "com.unity.ads.ios-support@1.0.1"
}
[2026-07-11T20:16:21.492Z][INFO] packages:get-packageinfo <-- Request received
params: {
  "packageId": "com.unity.learn.iet-framework@5.0.4"
}
[2026-07-11T20:16:21.510Z][INFO] packages:get-packageinfo <-- Request received
params: {
  "packageId": "com.unity.learn.iet-framework.authoring@1.5.4"
}
[2026-07-11T20:16:21.528Z][INFO] packages:get-packageinfo <-- Request received
params: {
  "packageId": "com.unity.probuilder@6.0.9"
}
[2026-07-11T20:16:21.533Z][INFO] packages:get-packageinfo <-- Request received
params: {
  "packageId": "com.unity.scriptablebuildpipeline@2.6.1"
}
[2026-07-11T20:16:21.559Z][INFO] packages:get-packageinfo <-- Request received
params: {
  "packageId": "com.unity.services.friends@1.1.1"
}
[2026-07-11T20:16:21.560Z][INFO] packages:get-packageinfo <-- Request received
params: {
  "packageId": "com.unity.services.moderation@1.0.2"
}
[2026-07-11T20:16:21.596Z][INFO] packages:get-packageinfo <-- Request received
params: {
  "packageId": "com.unity.services.multiplayer@2.1.3"
}
[2026-07-11T20:16:21.597Z][INFO] packages:get-packageinfo <-- Request received
params: {
  "packageId": "com.unity.splines@2.8.4"
}
[2026-07-11T20:16:21.615Z][INFO] packages:get-packageinfo <-- Request received
params: {
  "packageId": "com.unity.xr.compositionlayers@2.4.0"
}
[2026-07-11T20:16:21.616Z][INFO] packages:get-packageinfo <-- Request received
params: {
  "packageId": "com.unity.xr.management@4.5.4"
}
[2026-07-11T20:16:22.083Z][INFO] packages:get-all-packageinfo <-- Request received
params: {}
[2026-07-11T20:16:22.099Z][INFO] project:list-packages <-- Request received
params: {}
[2026-07-11T20:16:22.400Z][INFO] packages:get-packageinfo --> 200 (785 ms)
[2026-07-11T20:16:22.479Z][INFO] project:list-packages --> 200 (380 ms)
[2026-07-11T20:16:22.634Z][INFO] packages:get-packageinfo --> 200 (1075 ms)
[2026-07-11T20:16:22.637Z][INFO] packages:get-packageinfo --> 200 (1077 ms)
[2026-07-11T20:16:22.639Z][INFO] packages:get-packageinfo --> 200 (1043 ms)
[2026-07-11T20:16:22.654Z][INFO] packages:get-packageinfo --> 200 (1182 ms)
[2026-07-11T20:16:22.656Z][INFO] packages:get-packageinfo --> 200 (1059 ms)
[2026-07-11T20:16:22.662Z][INFO] packages:get-packageinfo --> 200 (1129 ms)
[2026-07-11T20:16:22.664Z][INFO] packages:get-packageinfo --> 200 (1154 ms)
[2026-07-11T20:16:22.667Z][INFO] packages:get-packageinfo --> 200 (1175 ms)
[2026-07-11T20:16:22.670Z][INFO] packages:get-packageinfo --> 200 (1142 ms)
[2026-07-11T20:16:22.685Z][INFO] packages:get-packageinfo --> 200 (1229 ms)
[2026-07-11T20:16:22.739Z][INFO] packages:get-packageinfo --> 200 (1123 ms)
[2026-07-11T20:16:24.407Z][INFO] packages:get-all-packageinfo --> 200 (4697 ms)
[2026-07-11T20:16:25.258Z][INFO] packages:get-all-packageinfo --> 200 (3175 ms)
[2026-07-11T20:16:34.803Z][INFO] project:add-remove-dependencies <-- Request received
params: {}
[2026-07-11T20:16:44.988Z][INFO] project:add-remove-dependencies --> 200 (10185 ms)
[2026-07-11T20:16:45.066Z][INFO] project:add-remove-dependencies <-- Request received
params: {}
[2026-07-11T20:16:45.181Z][INFO] project:add-remove-dependencies --> 200 (115 ms)
[2026-07-11T20:16:45.353Z][INFO] project:resolve-packages <-- Request received
params: {}
[2026-07-11T20:16:45.467Z][INFO] project:resolve-packages --> 200 (115 ms)
[2026-07-11T20:16:45.580Z][INFO] config:project:get-registries <-- Request received
params: {}
[2026-07-11T20:16:45.586Z][INFO] config:project:get-registries --> 200 (6 ms)
[2026-07-11T20:16:45.595Z][INFO] project:list-packages <-- Request received
params: {}
[2026-07-11T20:16:45.782Z][INFO] project:list-packages --> 200 (187 ms)
[2026-07-11T20:17:09.894Z][INFO] project:list-packages <-- Request received
params: {}
[2026-07-11T20:17:09.959Z][INFO] project:list-packages <-- Request received
params: {}
[2026-07-11T20:17:10.158Z][INFO] config:project:get-registries <-- Request received
params: {}
[2026-07-11T20:17:10.166Z][INFO] project:list-packages --> 200 (273 ms)
[2026-07-11T20:17:10.169Z][INFO] config:project:get-registries --> 200 (11 ms)
[2026-07-11T20:17:10.174Z][INFO] project:list-packages --> 200 (215 ms)
[2026-07-11T20:17:12.361Z][INFO] project:list-packages <-- Request received
params: {}
[2026-07-11T20:17:12.460Z][INFO] project:list-packages --> 200 (99 ms)
[2026-07-11T20:21:25.684Z][INFO] project:list-packages <-- Request received
params: {}
[2026-07-11T20:21:25.767Z][INFO] config:project:get-registries <-- Request received
params: {}
[2026-07-11T20:21:25.856Z][INFO] config:project:get-registries --> 200 (91 ms)
[2026-07-11T20:21:25.951Z][INFO] project:list-packages --> 200 (275 ms)
[2026-07-11T20:24:34.806Z][INFO] project:list-packages <-- Request received
params: {}
[2026-07-11T20:24:34.900Z][INFO] config:project:get-registries <-- Request received
params: {}
[2026-07-11T20:24:34.966Z][INFO] config:project:get-registries --> 200 (66 ms)
[2026-07-11T20:24:35.077Z][INFO] project:list-packages --> 200 (284 ms)
[2026-07-11T20:27:24.760Z][INFO] project:list-packages <-- Request received
params: {}
[2026-07-11T20:27:24.846Z][INFO] config:project:get-registries <-- Request received
params: {}
[2026-07-11T20:27:24.865Z][INFO] config:project:get-registries --> 200 (19 ms)
[2026-07-11T20:27:24.950Z][INFO] project:list-packages --> 200 (201 ms)
[2026-07-11T20:33:12.210Z][INFO] project:list-packages <-- Request received
params: {}
[2026-07-11T20:33:12.301Z][INFO] config:project:get-registries <-- Request received
params: {}
[2026-07-11T20:33:12.324Z][INFO] config:project:get-registries --> 200 (24 ms)
[2026-07-11T20:33:12.386Z][INFO] project:list-packages --> 200 (181 ms)
[2026-07-11T20:37:44.960Z][INFO] project:list-packages <-- Request received
params: {}
[2026-07-11T20:37:45.039Z][INFO] config:project:get-registries <-- Request received
params: {}
[2026-07-11T20:37:45.054Z][INFO] config:project:get-registries --> 200 (15 ms)
[2026-07-11T20:37:45.146Z][INFO] project:list-packages --> 200 (191 ms)
[2026-07-11T20:38:11.797Z][INFO] project:list-packages <-- Request received
params: {}
[2026-07-11T20:38:11.908Z][INFO] project:list-packages --> 200 (111 ms)
[2026-07-11T20:38:11.920Z][INFO] config:project:get-registries <-- Request received
params: {}
[2026-07-11T20:38:11.926Z][INFO] config:project:get-registries --> 200 (6 ms)
[2026-07-11T20:46:22.827Z][INFO] project:list-packages <-- Request received
params: {}
[2026-07-11T20:46:22.977Z][INFO] config:project:get-registries <-- Request received
params: {}
[2026-07-11T20:46:23.067Z][INFO] config:project:get-registries --> 200 (89 ms)
[2026-07-11T20:46:23.188Z][INFO] project:list-packages --> 200 (381 ms)
[2026-07-11T20:46:43.037Z][INFO] project:list-packages <-- Request received
params: {}
[2026-07-11T20:46:43.141Z][INFO] project:list-packages --> 200 (104 ms)
[2026-07-11T20:46:43.171Z][INFO] config:project:get-registries <-- Request received
params: {}
[2026-07-11T20:46:43.178Z][INFO] config:project:get-registries --> 200 (7 ms)
[2026-07-11T20:51:56.892Z][INFO] project:list-packages <-- Request received
params: {}
[2026-07-11T20:51:56.989Z][INFO] config:project:get-registries <-- Request received
params: {}
[2026-07-11T20:51:57.015Z][INFO] config:project:get-registries --> 200 (26 ms)
[2026-07-11T20:51:57.085Z][INFO] project:list-packages --> 200 (197 ms)
[2026-07-11T20:53:58.125Z][INFO] project:list-packages <-- Request received
params: {}
[2026-07-11T20:53:58.236Z][INFO] project:list-packages --> 200 (110 ms)
[2026-07-11T20:53:58.261Z][INFO] config:project:get-registries <-- Request received
params: {}
[2026-07-11T20:53:58.268Z][INFO] config:project:get-registries --> 200 (7 ms)
[2026-07-11T20:54:32.792Z][INFO] project:list-packages <-- Request received
params: {}
[2026-07-11T20:54:32.900Z][INFO] project:list-packages --> 200 (108 ms)
[2026-07-11T20:54:32.925Z][INFO] config:project:get-registries <-- Request received
params: {}
[2026-07-11T20:54:32.930Z][INFO] config:project:get-registries --> 200 (5 ms)
[2026-07-11T20:54:54.106Z][INFO] project:list-packages <-- Request received
params: {}
[2026-07-11T20:54:54.216Z][INFO] project:list-packages --> 200 (110 ms)
[2026-07-11T20:54:54.254Z][INFO] config:project:get-registries <-- Request received
params: {}
[2026-07-11T20:54:54.261Z][INFO] config:project:get-registries --> 200 (7 ms)
